// Jest Snapshot v1, https://goo.gl/fbAQLP

exports[`Calculator tests Renders Calculator component 1`] = `
<div
  className="calculator-container"
>
  <h2
    className="section-title"
  >
    Let's do some math!
  </h2>
  <div
    className="calculator"
  >
    <div
      className="input"
    >
      0
    </div>
    <div
      className="calculator-body"
    >
      <button
        className="calculator-buttons"
        onClick={[Function]}
        type="button"
      >
        AC
      </button>
      <button
        className="calculator-buttons"
        onClick={[Function]}
        type="button"
      >
        +/-
      </button>
      <button
        className="calculator-buttons"
        onClick={[Function]}
        type="button"
      >
        %
      </button>
      <button
        className="calculator-buttons operation"
        onClick={[Function]}
        type="button"
      >
        รท
      </button>
      <button
        className="calculator-buttons"
        onClick={[Function]}
        type="button"
      >
        7
      </button>
      <button
        className="calculator-buttons"
        onClick={[Function]}
        type="button"
      >
        8
      </button>
      <button
        className="calculator-buttons"
        onClick={[Function]}
        type="button"
      >
        9
      </button>
      <button
        className="calculator-buttons operation"
        onClick={[Function]}
        type="button"
      >
        x
      </button>
      <button
        className="calculator-buttons"
        onClick={[Function]}
        type="button"
      >
        4
      </button>
      <button
        className="calculator-buttons"
        onClick={[Function]}
        type="button"
      >
        5
      </button>
      <button
        className="calculator-buttons"
        onClick={[Function]}
        type="button"
      >
        6
      </button>
      <button
        className="calculator-buttons operation"
        onClick={[Function]}
        type="button"
      >
        -
      </button>
      <button
        className="calculator-buttons"
        onClick={[Function]}
        type="button"
      >
        1
      </button>
      <button
        className="calculator-buttons"
        onClick={[Function]}
        type="button"
      >
        2
      </button>
      <button
        className="calculator-buttons"
        onClick={[Function]}
        type="button"
      >
        3
      </button>
      <button
        className="calculator-buttons operation"
        onClick={[Function]}
        type="button"
      >
        +
      </button>
      <button
        className="calculator-buttons cero-button"
        onClick={[Function]}
        type="button"
      >
        0
      </button>
      <button
        className="calculator-buttons"
        onClick={[Function]}
        type="button"
      >
        .
      </button>
      <button
        className="calculator-buttons operation"
        onClick={[Function]}
        type="button"
      >
        =
      </button>
    </div>
  </div>
</div>
`;

exports[`Calculator tests Renders Calculator component correctly 1`] = `
<div
  className="calculator-container"
>
  <h2
    className="section-title"
  >
    Let's do some math!
  </h2>
  <div
    className="calculator"
  >
    <div
      className="input"
    >
      0
    </div>
    <div
      className="calculator-body"
    >
      <button
        className="calculator-buttons"
        onClick={[Function]}
        type="button"
      >
        AC
      </button>
      <button
        className="calculator-buttons"
        onClick={[Function]}
        type="button"
      >
        +/-
      </button>
      <button
        className="calculator-buttons"
        onClick={[Function]}
        type="button"
      >
        %
      </button>
      <button
        className="calculator-buttons operation"
        onClick={[Function]}
        type="button"
      >
        รท
      </button>
      <button
        className="calculator-buttons"
        onClick={[Function]}
        type="button"
      >
        7
      </button>
      <button
        className="calculator-buttons"
        onClick={[Function]}
        type="button"
      >
        8
      </button>
      <button
        className="calculator-buttons"
        onClick={[Function]}
        type="button"
      >
        9
      </button>
      <button
        className="calculator-buttons operation"
        onClick={[Function]}
        type="button"
      >
        x
      </button>
      <button
        className="calculator-buttons"
        onClick={[Function]}
        type="button"
      >
        4
      </button>
      <button
        className="calculator-buttons"
        onClick={[Function]}
        type="button"
      >
        5
      </button>
      <button
        className="calculator-buttons"
        onClick={[Function]}
        type="button"
      >
        6
      </button>
      <button
        className="calculator-buttons operation"
        onClick={[Function]}
        type="button"
      >
        -
      </button>
      <button
        className="calculator-buttons"
        onClick={[Function]}
        type="button"
      >
        1
      </button>
      <button
        className="calculator-buttons"
        onClick={[Function]}
        type="button"
      >
        2
      </button>
      <button
        className="calculator-buttons"
        onClick={[Function]}
        type="button"
      >
        3
      </button>
      <button
        className="calculator-buttons operation"
        onClick={[Function]}
        type="button"
      >
        +
      </button>
      <button
        className="calculator-buttons cero-button"
        onClick={[Function]}
        type="button"
      >
        0
      </button>
      <button
        className="calculator-buttons"
        onClick={[Function]}
        type="button"
      >
        .
      </button>
      <button
        className="calculator-buttons operation"
        onClick={[Function]}
        type="button"
      >
        =
      </button>
    </div>
  </div>
</div>
`;
