// Jest Snapshot v1, https://goo.gl/fbAQLP

exports[`Navbar tests Renders Navbar component  1`] = `
Array [
  <nav
    className="navbar"
  >
    <h1>
      <a
        className="logo"
        href="/home"
        onClick={[Function]}
      >
        Math Magicians
      </a>
    </h1>
    <ul>
      <li>
        <a
          href="/home"
          onClick={[Function]}
        >
          Home
        </a>
      </li>
      <li>
        <a
          href="/calculator"
          onClick={[Function]}
        >
          Calculator
        </a>
      </li>
      <li>
        <a
          href="/quote"
          onClick={[Function]}
        >
          Quote
        </a>
      </li>
    </ul>
  </nav>,
  " ",
]
`;

exports[`Renders Home component 1`] = `
<div
  className="home-section"
>
  <h2
    className="home-title"
  >
    Math Magicians
  </h2>
  <h3
    className="home-second-title"
  >
    Welcome to our page!
  </h3>
  <p
    className="home-p"
  >
    Lorem Ipsum is simply dummy text of the printing and typesetting industry. Lorem Ipsum has been the industry standard dummy text ever since the 1500s, when an unknown printer took a galley of type and scrambled it to make a type specimen book. It has survived not only five centuries, but also the leap into electronic typesetting, remaining essentially unchanged. It was popularised in the 1960s with the release of Letraset sheets containing Lorem Ipsum passages, and more recently with desktop publishing software like Aldus PageMaker including versions of Lorem Ipsum.
  </p>
  <p
    className="home-p"
  >
    Lorem Ipsum is simply dummy text of the printing and typesetting industry. Lorem Ipsum has been the industry standard dummy text ever since the 1500s, when an unknown printer took a galley of type and scrambled it to make a type specimen book. It has survived not only five centuries, but also the leap into electronic typesetting, remaining essentially unchanged. It was popularised in the 1960s with the release of Letraset sheets containing Lorem Ipsum passages, and more recently with desktop publishing software like Aldus PageMaker including versions of Lorem Ipsum.
  </p>
</div>
`;

exports[`Renders Home component correctly 1`] = `
<div
  className="home-section"
>
  <h2
    className="home-title"
  >
    Math Magicians
  </h2>
  <h3
    className="home-second-title"
  >
    Welcome to our page!
  </h3>
  <p
    className="home-p"
  >
    Lorem Ipsum is simply dummy text of the printing and typesetting industry. Lorem Ipsum has been the industry standard dummy text ever since the 1500s, when an unknown printer took a galley of type and scrambled it to make a type specimen book. It has survived not only five centuries, but also the leap into electronic typesetting, remaining essentially unchanged. It was popularised in the 1960s with the release of Letraset sheets containing Lorem Ipsum passages, and more recently with desktop publishing software like Aldus PageMaker including versions of Lorem Ipsum.
  </p>
  <p
    className="home-p"
  >
    Lorem Ipsum is simply dummy text of the printing and typesetting industry. Lorem Ipsum has been the industry standard dummy text ever since the 1500s, when an unknown printer took a galley of type and scrambled it to make a type specimen book. It has survived not only five centuries, but also the leap into electronic typesetting, remaining essentially unchanged. It was popularised in the 1960s with the release of Letraset sheets containing Lorem Ipsum passages, and more recently with desktop publishing software like Aldus PageMaker including versions of Lorem Ipsum.
  </p>
</div>
`;
