// Jest Snapshot v1, https://goo.gl/fbAQLP

exports[`Renders Quote component 1`] = `
<div
  className="quote-section"
>
  <h2
    className="quote-title"
  >
    Mathematics may not teach us to add love or subtract hate, but it gives us hope that every problem has a solution.
  </h2>
  <p
    className="quote-p"
  >
    â€” Anonymous
  </p>
</div>
`;
